0 verbose cli C:\Program Files\nodejs\node.exe C:\Program Files\nodejs\node_modules\npm\bin\npm-cli.js
1 info using npm@11.16.0
2 info using node@v24.18.0
3 silly config load:file:C:\Program Files\nodejs\node_modules\npm\npmrc
4 silly config load:file:E:\senecon-ote\.npmrc
5 silly config load:file:C:\Users\ENAN\.npmrc
6 silly config load:file:C:\Users\ENAN\AppData\Roaming\npm\etc\npmrc
7 verbose title npm install @phosphor-icons/react
8 verbose argv "install" "@phosphor-icons/react" "--save" "--prefer-offline" "--no-audit" "--no-fund"
9 verbose logfile logs-max:10 dir:E:\senecon-ote\.npm-cache\_logs\2026-08-01T17_57_14_809Z-
10 verbose logfile E:\senecon-ote\.npm-cache\_logs\2026-08-01T17_57_14_809Z-debug-0.log
11 silly logfile done cleaning log files
12 silly packumentCache heap:4496293888 maxSize:1124073472 maxEntrySize:562036736
13 silly idealTree buildDeps
14 silly fetch manifest @phosphor-icons/react@*
15 silly packumentCache full:https://registry.npmjs.org/@phosphor-icons%2freact cache-miss
16 http fetch GET 200 https://registry.npmjs.org/@phosphor-icons%2freact 2137ms (cache miss)
17 silly packumentCache full:https://registry.npmjs.org/@phosphor-icons%2freact set size:undefined disposed:false
18 silly fetch manifest react@19.2.0
19 silly packumentCache full:https://registry.npmjs.org/react cache-miss
20 http fetch GET 200 https://registry.npmjs.org/react 1486ms (cache miss)
21 silly packumentCache full:https://registry.npmjs.org/react set size:undefined disposed:false
22 silly fetch manifest react-dom@19.2.0
23 silly packumentCache full:https://registry.npmjs.org/react-dom cache-miss
24 http fetch GET 200 https://registry.npmjs.org/react-dom 553ms (cache miss)
25 silly packumentCache full:https://registry.npmjs.org/react-dom set size:undefined disposed:false
26 silly placeDep ROOT @phosphor-icons/react@2.1.10 OK for: design-prototype@0.0.0 want: *
27 silly reify moves {}
28 http cache @phosphor-icons/react@https://registry.npmjs.org/@phosphor-icons/react/-/react-2.1.10.tgz 0ms (cache hit)
29 silly tarball no local data for @phosphor-icons/react@https://registry.npmjs.org/@phosphor-icons/react/-/react-2.1.10.tgz. Extracting by manifest.
30 http fetch GET 200 https://registry.npmjs.org/@phosphor-icons/react/-/react-2.1.10.tgz 11142ms (cache miss)
31 silly ADD node_modules/@phosphor-icons/react
32 warn allow-scripts 1 package has install scripts not yet covered by allowScripts:
32 warn allow-scripts   esbuild@0.25.12 (install: (install scripts present))
32 warn allow-scripts
32 warn allow-scripts Run `npm approve-scripts --allow-scripts-pending` to review, or `npm approve-scripts <pkg>` to allow.
33 verbose cwd E:\senecon-ote
34 verbose os Windows_NT 10.0.26200
35 verbose node v24.18.0
36 verbose npm  v11.16.0
37 verbose exit 0
38 info ok
